
Running 1 test using 1 worker

  x  1 [iphone] › tests\e2e\foundation.spec.ts:93:1 › @visual @a11y authenticated MiniApp navigation and persona creation remain usable (2.2m)


  1) [iphone] › tests\e2e\foundation.spec.ts:93:1 › @visual @a11y authenticated MiniApp navigation and persona creation remain usable 

    Error: expect(received).toBe(expected) // Object.is equality

    Expected: true
    Received: false

      3146 |   expect(
      3147 |     await settingsPanel.evaluate((element) => element.scrollHeight > element.clientHeight),
    > 3148 |   ).toBe(true);
           |     ^
      3149 |   await settingsPanel.evaluate((element) => {
      3150 |     element.scrollTop = element.scrollHeight;
      3151 |   });
        at C:\Users\User\Desktop\бот для ролплея с нейросетями\tests\e2e\foundation.spec.ts:3148:5

    Error Context: test-results\foundation--visual-a11y-au-480c1-sona-creation-remain-usable-iphone\error-context.md

    attachment #2: trace (application/zip) ─────────────────────────────────────────────────────────
    test-results\foundation--visual-a11y-au-480c1-sona-creation-remain-usable-iphone\trace.zip
    Usage:

        pnpm exec playwright show-trace test-results\foundation--visual-a11y-au-480c1-sona-creation-remain-usable-iphone\trace.zip

    ────────────────────────────────────────────────────────────────────────────────────────────────

  1 failed
    [iphone] › tests\e2e\foundation.spec.ts:93:1 › @visual @a11y authenticated MiniApp navigation and persona creation remain usable 
