Secret scan passed.
Running pnpm format:check
Checking formatting...
All matched files use Prettier code style!
Running pnpm docs:check
Documentation link check passed.
Running pnpm lint
Running pnpm typecheck
Running pnpm test

 RUN  v4.1.10 C:/Users/User/Desktop/бот для ролплея с нейросетями


 Test Files  56 passed (56)
      Tests  227 passed (227)
   Start at  23:21:33
   Duration  33.17s (transform 9.80s, setup 0ms, import 63.76s, tests 15.77s, environment 212.08s)

Running pnpm test:roleplay-quality

 RUN  v4.1.10 C:/Users/User/Desktop/бот для ролплея с нейросетями


 Test Files  1 passed (1)
      Tests  7 passed (7)
   Start at  23:22:07
   Duration  512ms (transform 75ms, setup 0ms, import 168ms, tests 25ms, environment 0ms)

Running pnpm test:contract

 RUN  v4.1.10 C:/Users/User/Desktop/бот для ролплея с нейросетями


 Test Files  1 passed (1)
      Tests  5 passed (5)
   Start at  23:22:09
   Duration  2.09s (transform 678ms, setup 0ms, import 1.76s, tests 69ms, environment 0ms)

Running pnpm test:integration
[36mvite v8.2.1 [32mbuilding client environment for production...[36m[39m
[2Ktransforming...✓ 2201 modules transformed.
rendering chunks...
computing gzip size...
dist/index.html                                                   0.64 kB │ gzip:   0.40 kB
dist/.vite/manifest.json                                          5.01 kB │ gzip:   0.65 kB
dist/assets/noto-sans-cyrillic-wght-normal-B2hlT84T.woff2        20.08 kB
dist/assets/noto-serif-cyrillic-wght-normal-CeZyc_3Q.woff2       24.57 kB
dist/assets/noto-sans-latin-wght-normal-BYSzYMf3.woff2           35.82 kB
dist/assets/noto-serif-latin-wght-normal-DKWgU5qY.woff2          36.75 kB
dist/assets/noto-sans-cyrillic-standard-italic-CIdpxP6v.woff2    42.04 kB
dist/assets/noto-serif-cyrillic-standard-italic-DWmDwZzK.woff2   59.14 kB
dist/assets/noto-sans-latin-standard-italic-D4-s32zN.woff2       68.67 kB
dist/assets/noto-serif-latin-standard-italic-B3Z0LVD7.woff2      85.23 kB
dist/assets/index-Cx_ciAvY.css                                  117.11 kB │ gzip:  18.84 kB
dist/assets/LorebooksView-D9I1cXz6.js                            14.30 kB │ gzip:   3.61 kB │ map:    40.14 kB
dist/assets/ChatsView-ieaVdydN.js                                43.59 kB │ gzip:  10.45 kB │ map:   138.91 kB
dist/assets/SafeMarkdown-DIqdyJZZ.js                            158.97 kB │ gzip:  47.66 kB │ map:   951.35 kB
dist/assets/AuthenticatedApp-Ch3tNUEZ.js                        224.49 kB │ gzip:  55.93 kB │ map:   852.84 kB
dist/assets/index-Cu42jiFm.js                                   345.12 kB │ gzip: 108.19 kB │ map: 1,181.50 kB

[32m✓ built in 3.22s[39m
Web bundle budget passed: initial=345121 B; assets/index-Cu42jiFm.js=345121 B, assets/AuthenticatedApp-Ch3tNUEZ.js=224497 B, assets/ChatsView-ieaVdydN.js=43591 B, assets/LorebooksView-D9I1cXz6.js=14305 B, assets/SafeMarkdown-DIqdyJZZ.js=158975 B.
Local D1 migration, idempotent quality seed and integrity checks passed.
Local load smoke passed: users=40@p50=677.1ms/p95=1242.4ms/max=1247.8ms, D1=40@p50=718.5ms/p95=720.4ms/max=720.7ms, search=40@p50=2192.4ms/p95=2194.7ms/max=2195.1ms, AI=4@p50=1015.4ms/p95=1021.2ms/max=1021.2ms.
Local Worker auth/settings/persona/character/discovery/media/conversation/moderation integration passed.

 RUN  v4.1.10 C:/Users/User/Desktop/бот для ролплея с нейросетями


 Test Files  11 passed (11)
      Tests  93 passed (93)
   Start at  23:24:49
   Duration  1.73s (transform 1.32s, setup 0ms, import 3.00s, tests 2.95s, environment 5ms)

Running pnpm build
[36mvite v8.2.1 [32mbuilding client environment for production...[36m[39m
[2Ktransforming...✓ 2201 modules transformed.
rendering chunks...
computing gzip size...
dist/index.html                                                   0.64 kB │ gzip:   0.40 kB
dist/.vite/manifest.json                                          5.01 kB │ gzip:   0.65 kB
dist/assets/noto-sans-cyrillic-wght-normal-B2hlT84T.woff2        20.08 kB
dist/assets/noto-serif-cyrillic-wght-normal-CeZyc_3Q.woff2       24.57 kB
dist/assets/noto-sans-latin-wght-normal-BYSzYMf3.woff2           35.82 kB
dist/assets/noto-serif-latin-wght-normal-DKWgU5qY.woff2          36.75 kB
dist/assets/noto-sans-cyrillic-standard-italic-CIdpxP6v.woff2    42.04 kB
dist/assets/noto-serif-cyrillic-standard-italic-DWmDwZzK.woff2   59.14 kB
dist/assets/noto-sans-latin-standard-italic-D4-s32zN.woff2       68.67 kB
dist/assets/noto-serif-latin-standard-italic-B3Z0LVD7.woff2      85.23 kB
dist/assets/index-Cx_ciAvY.css                                  117.11 kB │ gzip:  18.84 kB
dist/assets/LorebooksView-D9I1cXz6.js                            14.30 kB │ gzip:   3.61 kB │ map:    40.14 kB
dist/assets/ChatsView-ieaVdydN.js                                43.59 kB │ gzip:  10.45 kB │ map:   138.91 kB
dist/assets/SafeMarkdown-DIqdyJZZ.js                            158.97 kB │ gzip:  47.66 kB │ map:   951.35 kB
dist/assets/AuthenticatedApp-Ch3tNUEZ.js                        224.49 kB │ gzip:  55.93 kB │ map:   852.84 kB
dist/assets/index-Cu42jiFm.js                                   345.12 kB │ gzip: 108.19 kB │ map: 1,181.50 kB

[32m✓ built in 1.19s[39m
Web bundle budget passed: initial=345121 B; assets/index-Cu42jiFm.js=345121 B, assets/AuthenticatedApp-Ch3tNUEZ.js=224497 B, assets/ChatsView-ieaVdydN.js=43591 B, assets/LorebooksView-D9I1cXz6.js=14305 B, assets/SafeMarkdown-DIqdyJZZ.js=158975 B.

 ⛅️ wrangler 4.120.0 (update available 4.123.0)
───────────────────────────────────────────────
✨ Read 24 files from the assets directory C:\Users\User\Desktop\бот для ролплея с нейросетями\apps\web\dist
Total Upload: 1211.87 KiB / gzip: 212.99 KiB
Your Worker has access to the following bindings:
Binding                                                                               Resource                  
env.DB (velora-production)                                                            D1 Database               
env.ASSETS                                                                            Assets                    
env.ENVIRONMENT ("production")                                                        Environment Variable      
env.APP_NAME ("Velora")                                                               Environment Variable      
env.TELEGRAM_BOT_USERNAME ("aivel0ra_bot")                                            Environment Variable      
env.TELEGRAM_RECONCILIATION_ENABLED ("false")                                         Environment Variable      
env.OWNER_TELEGRAM_ID ("1040929628")                                                  Environment Variable      
env.PUBLIC_APP_URL ("https://velora-app.carreljeremih.work...")                       Environment Variable      
env.MAX_INIT_DATA_AGE_SECONDS ("900")                                                 Environment Variable      
env.DAILY_AI_BUDGET_USD ("0.80")                                                      Environment Variable      
env.MONTHLY_AI_BUDGET_USD ("24")                                                      Environment Variable      
env.LIFETIME_AI_BUDGET_USD ("350")                                                    Environment Variable      
env.PAID_AI_ENABLED ("false")                                                         Environment Variable      
env.SPONSORED_FREE_AI_ENABLED ("false")                                               Environment Variable      
env.PAYMENTS_ENABLED ("false")                                                        Environment Variable      

--dry-run: exiting now.
Running pnpm test:e2e

Running 5 tests using 1 worker

  ok 1 [iphone] › tests\e2e\foundation.spec.ts:79:1 › renders the isolated Velora shell without pretending standalone auth (1.4s)
  ok 2 [iphone] › tests\e2e\foundation.spec.ts:94:1 › @visual @a11y authenticated MiniApp navigation and persona creation remain usable (5.1m)
  ok 3 [iphone] › tests\e2e\foundation.spec.ts:3708:1 › authenticated shell and Telegram host events load heavy workspaces safely (40.8s)
  ok 4 [iphone] › tests\e2e\foundation.spec.ts:4270:1 › @a11y discovery language and group-size filters support Unicode, CJK and RTL (10.3s)
  ok 5 [iphone] › tests\e2e\foundation.spec.ts:4462:1 › owner manages moderator appointments without exposing the control to staff (9.9s)

  Slow test file: [iphone] › tests\e2e\foundation.spec.ts (6.1m)
  Consider running tests from slow files in parallel. See: https://playwright.dev/docs/test-parallel
  5 passed (6.2m)

Running 5 tests using 1 worker

  ok 1 [android] › tests\e2e\foundation.spec.ts:79:1 › renders the isolated Velora shell without pretending standalone auth (1.1s)
  ok 2 [android] › tests\e2e\foundation.spec.ts:94:1 › @visual @a11y authenticated MiniApp navigation and persona creation remain usable (52.6s)
  ok 3 [android] › tests\e2e\foundation.spec.ts:3708:1 › authenticated shell and Telegram host events load heavy workspaces safely (5.0s)
  ok 4 [android] › tests\e2e\foundation.spec.ts:4270:1 › @a11y discovery language and group-size filters support Unicode, CJK and RTL (4.7s)
  ok 5 [android] › tests\e2e\foundation.spec.ts:4462:1 › owner manages moderator appointments without exposing the control to staff (4.4s)

  5 passed (1.3m)

Running 5 tests using 1 worker

  ok 1 [desktop] › tests\e2e\foundation.spec.ts:79:1 › renders the isolated Velora shell without pretending standalone auth (969ms)
  ok 2 [desktop] › tests\e2e\foundation.spec.ts:94:1 › @visual @a11y authenticated MiniApp navigation and persona creation remain usable (51.4s)
  ok 3 [desktop] › tests\e2e\foundation.spec.ts:3708:1 › authenticated shell and Telegram host events load heavy workspaces safely (5.9s)
  ok 4 [desktop] › tests\e2e\foundation.spec.ts:4270:1 › @a11y discovery language and group-size filters support Unicode, CJK and RTL (4.2s)
  ok 5 [desktop] › tests\e2e\foundation.spec.ts:4462:1 › owner manages moderator appointments without exposing the control to staff (3.2s)

  5 passed (1.2m)
Velora quality gate passed.
