Secret scan passed.
Running pnpm format:check
Checking formatting...
All matched files use Prettier code style!
Running pnpm docs:check
Documentation link check passed.
Running pnpm lint
Running pnpm typecheck
Running pnpm test

 RUN  v4.1.10 C:/Users/User/Desktop/бот для ролплея с нейросетями


 Test Files  51 passed (51)
      Tests  207 passed (207)
   Start at  01:21:55
   Duration  12.87s (transform 6.47s, setup 0ms, import 38.22s, tests 16.41s, environment 25.82s)

Running pnpm test:roleplay-quality

 RUN  v4.1.10 C:/Users/User/Desktop/бот для ролплея с нейросетями


 Test Files  1 passed (1)
      Tests  7 passed (7)
   Start at  01:22:09
   Duration  442ms (transform 82ms, setup 0ms, import 197ms, tests 12ms, environment 0ms)

Running pnpm test:contract

 RUN  v4.1.10 C:/Users/User/Desktop/бот для ролплея с нейросетями


 Test Files  1 passed (1)
      Tests  4 passed (4)
   Start at  01:22:11
   Duration  2.84s (transform 899ms, setup 0ms, import 2.51s, tests 75ms, environment 0ms)

Running pnpm test:integration
[36mvite v8.2.1 [32mbuilding client environment for production...[36m[39m
[2Ktransforming...✓ 418 modules transformed.
rendering chunks...
computing gzip size...
dist/index.html                             0.64 kB │ gzip:   0.40 kB
dist/.vite/manifest.json                    1.32 kB │ gzip:   0.34 kB
dist/assets/index-BbxyvlK7.css             84.40 kB │ gzip:  15.64 kB
dist/assets/LorebooksView-DOoMw0Ca.js      14.31 kB │ gzip:   3.57 kB │ map:    39.79 kB
dist/assets/ChatsView-CxffJsxB.js          41.18 kB │ gzip:   9.96 kB │ map:   130.74 kB
dist/assets/SafeMarkdown-DvpnEQYF.js      158.97 kB │ gzip:  47.66 kB │ map:   951.35 kB
dist/assets/AuthenticatedApp-DrLZmTGF.js  205.77 kB │ gzip:  49.28 kB │ map:   778.39 kB
dist/assets/index-YwFxadGD.js             340.49 kB │ gzip: 106.49 kB │ map: 1,163.80 kB

[32m✓ built in 436ms[39m
Web bundle budget passed: initial=340496 B; assets/index-YwFxadGD.js=340496 B, assets/AuthenticatedApp-DrLZmTGF.js=205775 B, assets/ChatsView-CxffJsxB.js=41181 B, assets/LorebooksView-DOoMw0Ca.js=14317 B, assets/SafeMarkdown-DvpnEQYF.js=158975 B.
Local D1 migration, idempotent quality seed and integrity checks passed.
Local load smoke passed: users=40@p50=426.1ms/p95=799.7ms/max=803.0ms, D1=40@p50=414.1ms/p95=415.3ms/max=415.5ms, search=40@p50=1339.8ms/p95=1340.5ms/max=1340.5ms, AI=4@p50=786.6ms/p95=789.3ms/max=789.3ms.
Local Worker auth/settings/persona/character/discovery/media/conversation/moderation integration passed.

 RUN  v4.1.10 C:/Users/User/Desktop/бот для ролплея с нейросетями


 Test Files  11 passed (11)
      Tests  78 passed (78)
   Start at  01:24:16
   Duration  822ms (transform 392ms, setup 0ms, import 1.22s, tests 1.02s, environment 2ms)

Running pnpm build
[36mvite v8.2.1 [32mbuilding client environment for production...[36m[39m
[2Ktransforming...✓ 418 modules transformed.
rendering chunks...
computing gzip size...
dist/index.html                             0.64 kB │ gzip:   0.40 kB
dist/.vite/manifest.json                    1.32 kB │ gzip:   0.34 kB
dist/assets/index-BbxyvlK7.css             84.40 kB │ gzip:  15.64 kB
dist/assets/LorebooksView-DOoMw0Ca.js      14.31 kB │ gzip:   3.57 kB │ map:    39.79 kB
dist/assets/ChatsView-CxffJsxB.js          41.18 kB │ gzip:   9.96 kB │ map:   130.74 kB
dist/assets/SafeMarkdown-DvpnEQYF.js      158.97 kB │ gzip:  47.66 kB │ map:   951.35 kB
dist/assets/AuthenticatedApp-DrLZmTGF.js  205.77 kB │ gzip:  49.28 kB │ map:   778.39 kB
dist/assets/index-YwFxadGD.js             340.49 kB │ gzip: 106.49 kB │ map: 1,163.80 kB

[32m✓ built in 420ms[39m
Web bundle budget passed: initial=340496 B; assets/index-YwFxadGD.js=340496 B, assets/AuthenticatedApp-DrLZmTGF.js=205775 B, assets/ChatsView-CxffJsxB.js=41181 B, assets/LorebooksView-DOoMw0Ca.js=14317 B, assets/SafeMarkdown-DvpnEQYF.js=158975 B.

 ⛅️ wrangler 4.120.0 (update available 4.123.0)
───────────────────────────────────────────────
✨ Read 16 files from the assets directory C:\Users\User\Desktop\бот для ролплея с нейросетями\apps\web\dist
Total Upload: 1201.44 KiB / gzip: 210.69 KiB
Your Worker has access to the following bindings:
Binding                                                                               Resource                  
env.DB (velora-production)                                                            D1 Database               
env.ASSETS                                                                            Assets                    
env.ENVIRONMENT ("production")                                                        Environment Variable      
env.APP_NAME ("Velora")                                                               Environment Variable      
env.TELEGRAM_BOT_USERNAME ("aivel0ra_bot")                                            Environment Variable      
env.TELEGRAM_RECONCILIATION_ENABLED ("false")                                         Environment Variable      
env.OWNER_TELEGRAM_ID ("1040929628")                                                  Environment Variable      
env.PUBLIC_APP_URL ("https://velora-app.carreljeremih.work...")                       Environment Variable      
env.MAX_INIT_DATA_AGE_SECONDS ("900")                                                 Environment Variable      
env.DAILY_AI_BUDGET_USD ("0.80")                                                      Environment Variable      
env.MONTHLY_AI_BUDGET_USD ("24")                                                      Environment Variable      
env.LIFETIME_AI_BUDGET_USD ("350")                                                    Environment Variable      
env.PAID_AI_ENABLED ("false")                                                         Environment Variable      
env.SPONSORED_FREE_AI_ENABLED ("false")                                               Environment Variable      
env.PAYMENTS_ENABLED ("false")                                                        Environment Variable      

--dry-run: exiting now.
Running pnpm test:e2e

Running 5 tests using 1 worker

  ok 1 [iphone] › tests\e2e\foundation.spec.ts:78:1 › renders the isolated Velora shell without pretending standalone auth (893ms)
  ok 2 [iphone] › tests\e2e\foundation.spec.ts:93:1 › @visual @a11y authenticated MiniApp navigation and persona creation remain usable (2.6m)
  x  3 [iphone] › tests\e2e\foundation.spec.ts:3499:1 › authenticated shell and heavy workspaces load from separate chunks (5.8s)
  x  4 [iphone] › tests\e2e\foundation.spec.ts:3609:1 › @a11y discovery language and group-size filters support Unicode, CJK and RTL (1.0m)
  ok 5 [iphone] › tests\e2e\foundation.spec.ts:3801:1 › owner manages moderator appointments without exposing the control to staff (7.7s)


  1) [iphone] › tests\e2e\foundation.spec.ts:3499:1 › authenticated shell and heavy workspaces load from separate chunks 

    Error: expect(locator).toBeVisible() failed

    Locator: getByRole('button', { name: /Chats/u })
    Expected: visible
    Timeout: 5000ms
    Error: element(s) not found

    Call log:
      - Expect "toBeVisible" with timeout 5000ms
      - waiting for getByRole('button', { name: /Chats/u })


      3597 |
      3598 |   await page.goto('/');
    > 3599 |   await expect(page.getByRole('button', { name: /Chats/u })).toBeVisible();
           |                                                              ^
      3600 |   expect([...loadedScripts].some((file) => file.includes('AuthenticatedApp-'))).toBe(true);
      3601 |   expect([...loadedScripts].some((file) => file.includes('ChatsView-'))).toBe(false);
      3602 |
        at C:\Users\User\Desktop\бот для ролплея с нейросетями\tests\e2e\foundation.spec.ts:3599:62

    Error Context: test-results\foundation-authenticated-s-5d6cc-s-load-from-separate-chunks-iphone\error-context.md

    attachment #2: trace (application/zip) ─────────────────────────────────────────────────────────
    test-results\foundation-authenticated-s-5d6cc-s-load-from-separate-chunks-iphone\trace.zip
    Usage:

        pnpm exec playwright show-trace test-results\foundation-authenticated-s-5d6cc-s-load-from-separate-chunks-iphone\trace.zip

    ────────────────────────────────────────────────────────────────────────────────────────────────

  2) [iphone] › tests\e2e\foundation.spec.ts:3609:1 › @a11y discovery language and group-size filters support Unicode, CJK and RTL 

    Test timeout of 60000ms exceeded.

    Error: locator.click: Test timeout of 60000ms exceeded.
    Call log:
      - waiting for getByRole('button', { name: 'Фильтры', exact: true })


      3752 |
      3753 |   await page.goto('/');
    > 3754 |   await page.getByRole('button', { name: 'Фильтры', exact: true }).click();
           |                                                                    ^
      3755 |   await page.getByRole('button', { name: 'Языки · 0' }).click();
      3756 |   const languageList = page.getByRole('list', { name: 'Язык' });
      3757 |   for (const language of languages) {
        at C:\Users\User\Desktop\бот для ролплея с нейросетями\tests\e2e\foundation.spec.ts:3754:68

    Error Context: test-results\foundation--a11y-discovery-32b70-support-Unicode-CJK-and-RTL-iphone\error-context.md

    attachment #2: trace (application/zip) ─────────────────────────────────────────────────────────
    test-results\foundation--a11y-discovery-32b70-support-Unicode-CJK-and-RTL-iphone\trace.zip
    Usage:

        pnpm exec playwright show-trace test-results\foundation--a11y-discovery-32b70-support-Unicode-CJK-and-RTL-iphone\trace.zip

    ────────────────────────────────────────────────────────────────────────────────────────────────

  2 failed
    [iphone] › tests\e2e\foundation.spec.ts:3499:1 › authenticated shell and heavy workspaces load from separate chunks 
    [iphone] › tests\e2e\foundation.spec.ts:3609:1 › @a11y discovery language and group-size filters support Unicode, CJK and RTL 
  3 passed (4.0m)
[ELIFECYCLE] Command failed with exit code 1.
[ELIFECYCLE] Command failed with exit code 1.
