[36mvite v8.2.1 [32mbuilding client environment for production...[36m[39m
[2Ktransforming...✓ 415 modules transformed.
rendering chunks...
computing gzip size...
dist/index.html                             0.64 kB │ gzip:   0.40 kB
dist/.vite/manifest.json                    1.32 kB │ gzip:   0.34 kB
dist/assets/index-B8b6Xxqh.css             73.14 kB │ gzip:  13.79 kB
dist/assets/LorebooksView-1fE0IAUr.js      14.27 kB │ gzip:   3.54 kB │ map:    39.66 kB
dist/assets/ChatsView-Dm4WTdox.js          38.30 kB │ gzip:   9.22 kB │ map:   120.53 kB
dist/assets/SafeMarkdown-DsHgKEq7.js      158.97 kB │ gzip:  47.66 kB │ map:   951.35 kB
dist/assets/AuthenticatedApp-3P85mkJN.js  192.12 kB │ gzip:  46.35 kB │ map:   737.39 kB
dist/assets/index-Cw_ba7_I.js             330.22 kB │ gzip: 103.55 kB │ map: 1,141.72 kB

[32m✓ built in 442ms[39m
Web bundle budget passed: initial=330228 B; assets/index-Cw_ba7_I.js=330228 B, assets/AuthenticatedApp-3P85mkJN.js=192121 B, assets/ChatsView-Dm4WTdox.js=38309 B, assets/LorebooksView-1fE0IAUr.js=14270 B, assets/SafeMarkdown-DsHgKEq7.js=158975 B.
Local D1 migration, idempotent quality seed and integrity checks passed.
Local load smoke passed: users=40@p50=586.3ms/p95=1191.1ms/max=1195.1ms, D1=40@p50=616.9ms/p95=617.8ms/max=618.3ms, search=40@p50=1957.7ms/p95=1962.5ms/max=1963.2ms, AI=4@p50=2263.1ms/p95=2272.6ms/max=2272.6ms.
Local Worker auth/settings/persona/character/discovery/media/conversation/moderation integration passed.

 RUN  v4.1.10 C:/Users/User/Desktop/бот для ролплея с нейросетями


 Test Files  11 passed (11)
      Tests  76 passed (76)
   Start at  23:21:13
   Duration  744ms (transform 345ms, setup 0ms, import 1.08s, tests 961ms, environment 2ms)

