Secret scan passed.
Running pnpm format:check
Checking formatting...
All matched files use Prettier code style!
Running pnpm docs:check
Documentation link check passed.
Running pnpm lint
Running pnpm typecheck
Running pnpm test

 RUN  v4.1.10 C:/Users/User/Desktop/бот для ролплея с нейросетями


 Test Files  50 passed (50)
      Tests  198 passed (198)
   Start at  00:58:12
   Duration  8.61s (transform 5.33s, setup 0ms, import 29.38s, tests 12.96s, environment 10.66s)

Running pnpm test:roleplay-quality

 RUN  v4.1.10 C:/Users/User/Desktop/бот для ролплея с нейросетями


 Test Files  1 passed (1)
      Tests  7 passed (7)
   Start at  00:58:21
   Duration  379ms (transform 53ms, setup 0ms, import 148ms, tests 13ms, environment 0ms)

Running pnpm test:contract

 RUN  v4.1.10 C:/Users/User/Desktop/бот для ролплея с нейросетями


 Test Files  1 passed (1)
      Tests  4 passed (4)
   Start at  00:58:23
   Duration  2.63s (transform 815ms, setup 0ms, import 2.35s, tests 62ms, environment 0ms)

Running pnpm test:integration
[36mvite v8.2.1 [32mbuilding client environment for production...[36m[39m
[2Ktransforming...✓ 415 modules transformed.
rendering chunks...
computing gzip size...
dist/index.html                             0.64 kB │ gzip:   0.40 kB
dist/.vite/manifest.json                    1.32 kB │ gzip:   0.34 kB
dist/assets/index-C9Q2Ezyl.css             77.74 kB │ gzip:  14.51 kB
dist/assets/LorebooksView-ljn7WtJ6.js      14.31 kB │ gzip:   3.55 kB │ map:    39.79 kB
dist/assets/ChatsView-BvGTvKC5.js          40.54 kB │ gzip:   9.72 kB │ map:   127.72 kB
dist/assets/SafeMarkdown-DRWzV4uP.js      158.97 kB │ gzip:  47.66 kB │ map:   951.35 kB
dist/assets/AuthenticatedApp-BQghYmZb.js  196.16 kB │ gzip:  47.15 kB │ map:   748.31 kB
dist/assets/index-Svhvzeot.js             332.06 kB │ gzip: 104.06 kB │ map: 1,144.88 kB

[32m✓ built in 447ms[39m
Web bundle budget passed: initial=332069 B; assets/index-Svhvzeot.js=332069 B, assets/AuthenticatedApp-BQghYmZb.js=196162 B, assets/ChatsView-BvGTvKC5.js=40549 B, assets/LorebooksView-ljn7WtJ6.js=14312 B, assets/SafeMarkdown-DRWzV4uP.js=158975 B.
Local D1 migration, idempotent quality seed and integrity checks passed.
Local load smoke passed: users=40@p50=1606.8ms/p95=3037.8ms/max=3053.5ms, D1=40@p50=1471.7ms/p95=1481.2ms/max=1482.9ms, search=40@p50=4528.2ms/p95=4529.6ms/max=4529.7ms, AI=4@p50=2380.3ms/p95=2482.2ms/max=2482.2ms.
Local Worker auth/settings/persona/character/discovery/media/conversation/moderation integration passed.

 RUN  v4.1.10 C:/Users/User/Desktop/бот для ролплея с нейросетями


 Test Files  11 passed (11)
      Tests  76 passed (76)
   Start at  01:00:42
   Duration  774ms (transform 343ms, setup 0ms, import 1.08s, tests 969ms, environment 3ms)

Running pnpm build
[36mvite v8.2.1 [32mbuilding client environment for production...[36m[39m
[2Ktransforming...✓ 415 modules transformed.
rendering chunks...
computing gzip size...
dist/index.html                             0.64 kB │ gzip:   0.40 kB
dist/.vite/manifest.json                    1.32 kB │ gzip:   0.34 kB
dist/assets/index-C9Q2Ezyl.css             77.74 kB │ gzip:  14.51 kB
dist/assets/LorebooksView-ljn7WtJ6.js      14.31 kB │ gzip:   3.55 kB │ map:    39.79 kB
dist/assets/ChatsView-BvGTvKC5.js          40.54 kB │ gzip:   9.72 kB │ map:   127.72 kB
dist/assets/SafeMarkdown-DRWzV4uP.js      158.97 kB │ gzip:  47.66 kB │ map:   951.35 kB
dist/assets/AuthenticatedApp-BQghYmZb.js  196.16 kB │ gzip:  47.15 kB │ map:   748.31 kB
dist/assets/index-Svhvzeot.js             332.06 kB │ gzip: 104.06 kB │ map: 1,144.88 kB

[32m✓ built in 426ms[39m
Web bundle budget passed: initial=332069 B; assets/index-Svhvzeot.js=332069 B, assets/AuthenticatedApp-BQghYmZb.js=196162 B, assets/ChatsView-BvGTvKC5.js=40549 B, assets/LorebooksView-ljn7WtJ6.js=14312 B, assets/SafeMarkdown-DRWzV4uP.js=158975 B.

 ⛅️ wrangler 4.120.0 (update available 4.123.0)
───────────────────────────────────────────────
✨ Read 16 files from the assets directory C:\Users\User\Desktop\бот для ролплея с нейросетями\apps\web\dist
Total Upload: 1188.75 KiB / gzip: 208.87 KiB
Your Worker has access to the following bindings:
Binding                                                                               Resource                  
env.DB (velora-production)                                                            D1 Database               
env.ASSETS                                                                            Assets                    
env.ENVIRONMENT ("production")                                                        Environment Variable      
env.APP_NAME ("Velora")                                                               Environment Variable      
env.TELEGRAM_BOT_USERNAME ("aivel0ra_bot")                                            Environment Variable      
env.TELEGRAM_RECONCILIATION_ENABLED ("false")                                         Environment Variable      
env.OWNER_TELEGRAM_ID ("1040929628")                                                  Environment Variable      
env.PUBLIC_APP_URL ("https://velora-app.carreljeremih.work...")                       Environment Variable      
env.MAX_INIT_DATA_AGE_SECONDS ("900")                                                 Environment Variable      
env.DAILY_AI_BUDGET_USD ("0.80")                                                      Environment Variable      
env.MONTHLY_AI_BUDGET_USD ("24")                                                      Environment Variable      
env.LIFETIME_AI_BUDGET_USD ("350")                                                    Environment Variable      
env.PAID_AI_ENABLED ("false")                                                         Environment Variable      
env.SPONSORED_FREE_AI_ENABLED ("false")                                               Environment Variable      
env.PAYMENTS_ENABLED ("false")                                                        Environment Variable      

--dry-run: exiting now.
Running pnpm test:e2e

Running 12 tests using 6 workers

  ok  4 [iphone] › tests\e2e\foundation.spec.ts:78:1 › renders the isolated Velora shell without pretending standalone auth (1.6s)
  ok  1 [android] › tests\e2e\foundation.spec.ts:78:1 › renders the isolated Velora shell without pretending standalone auth (1.3s)
  ok  6 [android] › tests\e2e\foundation.spec.ts:3218:1 › authenticated shell and heavy workspaces load from separate chunks (1.6s)
  ok  7 [iphone] › tests\e2e\foundation.spec.ts:3218:1 › authenticated shell and heavy workspaces load from separate chunks (3.7s)
  ok  9 [desktop] › tests\e2e\foundation.spec.ts:78:1 › renders the isolated Velora shell without pretending standalone auth (1.6s)
  ok  2 [android] › tests\e2e\foundation.spec.ts:3328:1 › owner manages moderator appointments without exposing the control to staff (7.5s)
  ok 10 [desktop] › tests\e2e\foundation.spec.ts:3218:1 › authenticated shell and heavy workspaces load from separate chunks (2.0s)
  ok 12 [desktop] › tests\e2e\foundation.spec.ts:3328:1 › owner manages moderator appointments without exposing the control to staff (7.2s)
  ok  8 [iphone] › tests\e2e\foundation.spec.ts:3328:1 › owner manages moderator appointments without exposing the control to staff (23.8s)
  ok  3 [android] › tests\e2e\foundation.spec.ts:93:1 › @visual @a11y authenticated MiniApp navigation and persona creation remain usable (58.7s)
  ok 11 [desktop] › tests\e2e\foundation.spec.ts:93:1 › @visual @a11y authenticated MiniApp navigation and persona creation remain usable (57.6s)
  ok  5 [iphone] › tests\e2e\foundation.spec.ts:93:1 › @visual @a11y authenticated MiniApp navigation and persona creation remain usable (3.3m)

  12 passed (3.4m)
Running pnpm test:visual

Running 3 tests using 3 workers

  ok 1 [android] › tests\e2e\foundation.spec.ts:93:1 › @visual @a11y authenticated MiniApp navigation and persona creation remain usable (53.3s)
  ok 3 [desktop] › tests\e2e\foundation.spec.ts:93:1 › @visual @a11y authenticated MiniApp navigation and persona creation remain usable (54.4s)
  ok 2 [iphone] › tests\e2e\foundation.spec.ts:93:1 › @visual @a11y authenticated MiniApp navigation and persona creation remain usable (3.1m)

  3 passed (3.2m)
Running pnpm test:a11y

Running 3 tests using 3 workers

  ok 2 [android] › tests\e2e\foundation.spec.ts:93:1 › @visual @a11y authenticated MiniApp navigation and persona creation remain usable (52.4s)
  ok 3 [desktop] › tests\e2e\foundation.spec.ts:93:1 › @visual @a11y authenticated MiniApp navigation and persona creation remain usable (52.4s)
  ok 1 [iphone] › tests\e2e\foundation.spec.ts:93:1 › @visual @a11y authenticated MiniApp navigation and persona creation remain usable (3.1m)

  3 passed (3.2m)
Velora quality gate passed.
