[36mvite v8.2.1 [32mbuilding client environment for production...[36m[39m
[2Ktransforming...✓ 416 modules transformed.
rendering chunks...
computing gzip size...
dist/index.html                             0.64 kB │ gzip:   0.41 kB
dist/.vite/manifest.json                    1.32 kB │ gzip:   0.34 kB
dist/assets/index-CseQutxz.css             78.65 kB │ gzip:  14.63 kB
dist/assets/LorebooksView-Rg6xMrXB.js      14.31 kB │ gzip:   3.56 kB │ map:    39.79 kB
dist/assets/ChatsView-CFELvK0U.js          40.54 kB │ gzip:   9.73 kB │ map:   127.72 kB
dist/assets/SafeMarkdown-B2y0KaHZ.js      158.97 kB │ gzip:  47.66 kB │ map:   951.35 kB
dist/assets/AuthenticatedApp-DBijN3e9.js  199.81 kB │ gzip:  47.95 kB │ map:   759.92 kB
dist/assets/index-DuX5O1yY.js             332.85 kB │ gzip: 104.21 kB │ map: 1,146.34 kB

[32m✓ built in 700ms[39m
Web bundle budget passed: initial=332850 B; assets/index-DuX5O1yY.js=332850 B, assets/AuthenticatedApp-DBijN3e9.js=199817 B, assets/ChatsView-CFELvK0U.js=40549 B, assets/LorebooksView-Rg6xMrXB.js=14312 B, assets/SafeMarkdown-B2y0KaHZ.js=158975 B.
Local D1 migration, idempotent quality seed and integrity checks passed.
Local load smoke passed: users=40@p50=449.1ms/p95=846.9ms/max=850.2ms, D1=40@p50=486.2ms/p95=487.7ms/max=487.8ms, search=40@p50=1173.9ms/p95=1175.1ms/max=1175.3ms, AI=4@p50=1001.8ms/p95=1004.5ms/max=1004.5ms.
Local Worker auth/settings/persona/character/discovery/media/conversation/moderation integration passed.

 RUN  v4.1.10 C:/Users/User/Desktop/бот для ролплея с нейросетями


 Test Files  11 passed (11)
      Tests  76 passed (76)
   Start at  19:07:13
   Duration  1.84s (transform 868ms, setup 0ms, import 2.56s, tests 2.63s, environment 6ms)

