Secret scan passed.
Running pnpm format:check
Checking formatting...
All matched files use Prettier code style!
Running pnpm docs:check
Documentation link check passed.
Running pnpm lint
Running pnpm typecheck
Running pnpm test

 RUN  v4.1.10 C:/Users/User/Desktop/бот для ролплея с нейросетями


 Test Files  50 passed (50)
      Tests  201 passed (201)
   Start at  19:43:37
   Duration  11.38s (transform 6.59s, setup 0ms, import 34.70s, tests 14.19s, environment 20.74s)

Running pnpm test:roleplay-quality

 RUN  v4.1.10 C:/Users/User/Desktop/бот для ролплея с нейросетями


 Test Files  1 passed (1)
      Tests  7 passed (7)
   Start at  19:43:50
   Duration  381ms (transform 60ms, setup 0ms, import 141ms, tests 10ms, environment 0ms)

Running pnpm test:contract

 RUN  v4.1.10 C:/Users/User/Desktop/бот для ролплея с нейросетями


 Test Files  1 passed (1)
      Tests  4 passed (4)
   Start at  19:43:51
   Duration  2.30s (transform 688ms, setup 0ms, import 1.95s, tests 114ms, environment 0ms)

Running pnpm test:integration
[36mvite v8.2.1 [32mbuilding client environment for production...[36m[39m
[2Ktransforming...✓ 416 modules transformed.
rendering chunks...
computing gzip size...
dist/index.html                             0.64 kB │ gzip:   0.41 kB
dist/.vite/manifest.json                    1.32 kB │ gzip:   0.34 kB
dist/assets/index-CseQutxz.css             78.65 kB │ gzip:  14.63 kB
dist/assets/LorebooksView-Rg6xMrXB.js      14.31 kB │ gzip:   3.56 kB │ map:    39.79 kB
dist/assets/ChatsView-CFELvK0U.js          40.54 kB │ gzip:   9.73 kB │ map:   127.72 kB
dist/assets/SafeMarkdown-B2y0KaHZ.js      158.97 kB │ gzip:  47.66 kB │ map:   951.35 kB
dist/assets/AuthenticatedApp-DBijN3e9.js  199.81 kB │ gzip:  47.95 kB │ map:   759.92 kB
dist/assets/index-DuX5O1yY.js             332.85 kB │ gzip: 104.21 kB │ map: 1,146.34 kB

[32m✓ built in 541ms[39m
Web bundle budget passed: initial=332850 B; assets/index-DuX5O1yY.js=332850 B, assets/AuthenticatedApp-DBijN3e9.js=199817 B, assets/ChatsView-CFELvK0U.js=40549 B, assets/LorebooksView-Rg6xMrXB.js=14312 B, assets/SafeMarkdown-B2y0KaHZ.js=158975 B.
Local D1 migration, idempotent quality seed and integrity checks passed.
Local load smoke passed: users=40@p50=417.5ms/p95=784.8ms/max=792.8ms, D1=40@p50=390.8ms/p95=394.9ms/max=395.1ms, search=40@p50=1282.2ms/p95=1282.9ms/max=1283.3ms, AI=4@p50=894.2ms/p95=896.6ms/max=896.6ms.
Local Worker auth/settings/persona/character/discovery/media/conversation/moderation integration passed.

 RUN  v4.1.10 C:/Users/User/Desktop/бот для ролплея с нейросетями


 Test Files  11 passed (11)
      Tests  76 passed (76)
   Start at  19:45:49
   Duration  779ms (transform 406ms, setup 0ms, import 1.15s, tests 913ms, environment 2ms)

Running pnpm build
[36mvite v8.2.1 [32mbuilding client environment for production...[36m[39m
[2Ktransforming...✓ 416 modules transformed.
rendering chunks...
computing gzip size...
dist/index.html                             0.64 kB │ gzip:   0.41 kB
dist/.vite/manifest.json                    1.32 kB │ gzip:   0.34 kB
dist/assets/index-CseQutxz.css             78.65 kB │ gzip:  14.63 kB
dist/assets/LorebooksView-Rg6xMrXB.js      14.31 kB │ gzip:   3.56 kB │ map:    39.79 kB
dist/assets/ChatsView-CFELvK0U.js          40.54 kB │ gzip:   9.73 kB │ map:   127.72 kB
dist/assets/SafeMarkdown-B2y0KaHZ.js      158.97 kB │ gzip:  47.66 kB │ map:   951.35 kB
dist/assets/AuthenticatedApp-DBijN3e9.js  199.81 kB │ gzip:  47.95 kB │ map:   759.92 kB
dist/assets/index-DuX5O1yY.js             332.85 kB │ gzip: 104.21 kB │ map: 1,146.34 kB

[32m✓ built in 440ms[39m
Web bundle budget passed: initial=332850 B; assets/index-DuX5O1yY.js=332850 B, assets/AuthenticatedApp-DBijN3e9.js=199817 B, assets/ChatsView-CFELvK0U.js=40549 B, assets/LorebooksView-Rg6xMrXB.js=14312 B, assets/SafeMarkdown-B2y0KaHZ.js=158975 B.

 ⛅️ wrangler 4.120.0 (update available 4.123.0)
───────────────────────────────────────────────
✨ Read 16 files from the assets directory C:\Users\User\Desktop\бот для ролплея с нейросетями\apps\web\dist
Total Upload: 1194.75 KiB / gzip: 209.87 KiB
Your Worker has access to the following bindings:
Binding                                                                               Resource                  
env.DB (velora-production)                                                            D1 Database               
env.ASSETS                                                                            Assets                    
env.ENVIRONMENT ("production")                                                        Environment Variable      
env.APP_NAME ("Velora")                                                               Environment Variable      
env.TELEGRAM_BOT_USERNAME ("aivel0ra_bot")                                            Environment Variable      
env.TELEGRAM_RECONCILIATION_ENABLED ("false")                                         Environment Variable      
env.OWNER_TELEGRAM_ID ("1040929628")                                                  Environment Variable      
env.PUBLIC_APP_URL ("https://velora-app.carreljeremih.work...")                       Environment Variable      
env.MAX_INIT_DATA_AGE_SECONDS ("900")                                                 Environment Variable      
env.DAILY_AI_BUDGET_USD ("0.80")                                                      Environment Variable      
env.MONTHLY_AI_BUDGET_USD ("24")                                                      Environment Variable      
env.LIFETIME_AI_BUDGET_USD ("350")                                                    Environment Variable      
env.PAID_AI_ENABLED ("false")                                                         Environment Variable      
env.SPONSORED_FREE_AI_ENABLED ("false")                                               Environment Variable      
env.PAYMENTS_ENABLED ("false")                                                        Environment Variable      

--dry-run: exiting now.
Running pnpm test:e2e

Running 15 tests using 6 workers

  ok  3 [android] › tests\e2e\foundation.spec.ts:3246:1 › authenticated shell and heavy workspaces load from separate chunks (2.4s)
  ok  6 [iphone] › tests\e2e\foundation.spec.ts:78:1 › renders the isolated Velora shell without pretending standalone auth (3.4s)
  ok  4 [android] › tests\e2e\foundation.spec.ts:3356:1 › @a11y discovery language filter supports Unicode, CJK and RTL (6.4s)
  ok  7 [iphone] › tests\e2e\foundation.spec.ts:3246:1 › authenticated shell and heavy workspaces load from separate chunks (5.2s)
  ok  5 [android] › tests\e2e\foundation.spec.ts:3516:1 › owner manages moderator appointments without exposing the control to staff (8.6s)
  ok 11 [desktop] › tests\e2e\foundation.spec.ts:78:1 › renders the isolated Velora shell without pretending standalone auth (1.5s)
  ok  1 [android] › tests\e2e\foundation.spec.ts:78:1 › renders the isolated Velora shell without pretending standalone auth (21.3s)
  ok 13 [desktop] › tests\e2e\foundation.spec.ts:3246:1 › authenticated shell and heavy workspaces load from separate chunks (2.3s)
  ok 10 [iphone] › tests\e2e\foundation.spec.ts:3356:1 › @a11y discovery language filter supports Unicode, CJK and RTL (22.9s)
  ok 14 [desktop] › tests\e2e\foundation.spec.ts:3356:1 › @a11y discovery language filter supports Unicode, CJK and RTL (7.0s)
  ok  9 [iphone] › tests\e2e\foundation.spec.ts:3516:1 › owner manages moderator appointments without exposing the control to staff (30.0s)
  ok 15 [desktop] › tests\e2e\foundation.spec.ts:3516:1 › owner manages moderator appointments without exposing the control to staff (7.5s)
  ok  2 [android] › tests\e2e\foundation.spec.ts:93:1 › @visual @a11y authenticated MiniApp navigation and persona creation remain usable (1.1m)
  ok 12 [desktop] › tests\e2e\foundation.spec.ts:93:1 › @visual @a11y authenticated MiniApp navigation and persona creation remain usable (1.1m)
  ok  8 [iphone] › tests\e2e\foundation.spec.ts:93:1 › @visual @a11y authenticated MiniApp navigation and persona creation remain usable (3.3m)

  15 passed (3.5m)
Running pnpm test:visual

Running 3 tests using 3 workers

  ok 2 [android] › tests\e2e\foundation.spec.ts:93:1 › @visual @a11y authenticated MiniApp navigation and persona creation remain usable (56.0s)
  ok 1 [desktop] › tests\e2e\foundation.spec.ts:93:1 › @visual @a11y authenticated MiniApp navigation and persona creation remain usable (56.1s)
  ok 3 [iphone] › tests\e2e\foundation.spec.ts:93:1 › @visual @a11y authenticated MiniApp navigation and persona creation remain usable (3.0m)

  3 passed (3.2m)
Running pnpm test:a11y

Running 6 tests using 6 workers

  ok 4 [desktop] › tests\e2e\foundation.spec.ts:3356:1 › @a11y discovery language filter supports Unicode, CJK and RTL (7.1s)
  ok 2 [android] › tests\e2e\foundation.spec.ts:3356:1 › @a11y discovery language filter supports Unicode, CJK and RTL (8.0s)
  ok 6 [iphone] › tests\e2e\foundation.spec.ts:3356:1 › @a11y discovery language filter supports Unicode, CJK and RTL (18.3s)
  ok 1 [android] › tests\e2e\foundation.spec.ts:93:1 › @visual @a11y authenticated MiniApp navigation and persona creation remain usable (59.9s)
  ok 5 [desktop] › tests\e2e\foundation.spec.ts:93:1 › @visual @a11y authenticated MiniApp navigation and persona creation remain usable (1.0m)
  ok 3 [iphone] › tests\e2e\foundation.spec.ts:93:1 › @visual @a11y authenticated MiniApp navigation and persona creation remain usable (3.2m)

  6 passed (3.3m)
Velora quality gate passed.
