Secret scan passed.
Running pnpm format:check
Checking formatting...
All matched files use Prettier code style!
Running pnpm docs:check
Documentation link check passed.
Running pnpm lint
Running pnpm typecheck
Running pnpm test

 RUN  v4.1.10 C:/Users/User/Desktop/бот для ролплея с нейросетями


 Test Files  50 passed (50)
      Tests  203 passed (203)
   Start at  22:16:00
   Duration  12.09s (transform 8.15s, setup 0ms, import 40.12s, tests 14.40s, environment 21.65s)

Running pnpm test:roleplay-quality

 RUN  v4.1.10 C:/Users/User/Desktop/бот для ролплея с нейросетями


 Test Files  1 passed (1)
      Tests  7 passed (7)
   Start at  22:16:13
   Duration  511ms (transform 75ms, setup 0ms, import 193ms, tests 20ms, environment 0ms)

Running pnpm test:contract

 RUN  v4.1.10 C:/Users/User/Desktop/бот для ролплея с нейросетями


 Test Files  1 passed (1)
      Tests  4 passed (4)
   Start at  22:16:15
   Duration  2.58s (transform 804ms, setup 0ms, import 2.31s, tests 53ms, environment 0ms)

Running pnpm test:integration
[36mvite v8.2.1 [32mbuilding client environment for production...[36m[39m
[2Ktransforming...✓ 417 modules transformed.
rendering chunks...
computing gzip size...
dist/index.html                             0.64 kB │ gzip:   0.40 kB
dist/.vite/manifest.json                    1.32 kB │ gzip:   0.34 kB
dist/assets/index-BjxIr2rQ.css             79.67 kB │ gzip:  14.76 kB
dist/assets/LorebooksView-Dbty5W8u.js      14.31 kB │ gzip:   3.56 kB │ map:    39.79 kB
dist/assets/ChatsView-CiRoj2zy.js          40.54 kB │ gzip:   9.72 kB │ map:   127.72 kB
dist/assets/SafeMarkdown-CVEH9wk7.js      158.97 kB │ gzip:  47.66 kB │ map:   951.35 kB
dist/assets/AuthenticatedApp-ReuBWJyh.js  202.78 kB │ gzip:  48.46 kB │ map:   769.61 kB
dist/assets/index-Bl2y6R2D.js             333.66 kB │ gzip: 104.48 kB │ map: 1,147.71 kB

[32m✓ built in 421ms[39m
Web bundle budget passed: initial=333665 B; assets/index-Bl2y6R2D.js=333665 B, assets/AuthenticatedApp-ReuBWJyh.js=202788 B, assets/ChatsView-CiRoj2zy.js=40549 B, assets/LorebooksView-Dbty5W8u.js=14312 B, assets/SafeMarkdown-CVEH9wk7.js=158975 B.
Local D1 migration, idempotent quality seed and integrity checks passed.
Local load smoke passed: users=40@p50=1074.2ms/p95=1972.0ms/max=1979.7ms, D1=40@p50=1061.8ms/p95=1066.2ms/max=1067.1ms, search=40@p50=3006.0ms/p95=3022.5ms/max=3024.0ms, AI=4@p50=1705.6ms/p95=1717.1ms/max=1717.1ms.
Local Worker auth/settings/persona/character/discovery/media/conversation/moderation integration passed.

 RUN  v4.1.10 C:/Users/User/Desktop/бот для ролплея с нейросетями


 Test Files  11 passed (11)
      Tests  76 passed (76)
   Start at  22:18:46
   Duration  1.07s (transform 538ms, setup 0ms, import 1.56s, tests 1.31s, environment 3ms)

Running pnpm build
[36mvite v8.2.1 [32mbuilding client environment for production...[36m[39m
[2Ktransforming...✓ 417 modules transformed.
rendering chunks...
computing gzip size...
dist/index.html                             0.64 kB │ gzip:   0.40 kB
dist/.vite/manifest.json                    1.32 kB │ gzip:   0.34 kB
dist/assets/index-BjxIr2rQ.css             79.67 kB │ gzip:  14.76 kB
dist/assets/LorebooksView-Dbty5W8u.js      14.31 kB │ gzip:   3.56 kB │ map:    39.79 kB
dist/assets/ChatsView-CiRoj2zy.js          40.54 kB │ gzip:   9.72 kB │ map:   127.72 kB
dist/assets/SafeMarkdown-CVEH9wk7.js      158.97 kB │ gzip:  47.66 kB │ map:   951.35 kB
dist/assets/AuthenticatedApp-ReuBWJyh.js  202.78 kB │ gzip:  48.46 kB │ map:   769.61 kB
dist/assets/index-Bl2y6R2D.js             333.66 kB │ gzip: 104.48 kB │ map: 1,147.71 kB

[32m✓ built in 521ms[39m
Web bundle budget passed: initial=333665 B; assets/index-Bl2y6R2D.js=333665 B, assets/AuthenticatedApp-ReuBWJyh.js=202788 B, assets/ChatsView-CiRoj2zy.js=40549 B, assets/LorebooksView-Dbty5W8u.js=14312 B, assets/SafeMarkdown-CVEH9wk7.js=158975 B.

 ⛅️ wrangler 4.120.0 (update available 4.123.0)
───────────────────────────────────────────────
✨ Read 16 files from the assets directory C:\Users\User\Desktop\бот для ролплея с нейросетями\apps\web\dist
Total Upload: 1201.10 KiB / gzip: 210.62 KiB
Your Worker has access to the following bindings:
Binding                                                                               Resource                  
env.DB (velora-production)                                                            D1 Database               
env.ASSETS                                                                            Assets                    
env.ENVIRONMENT ("production")                                                        Environment Variable      
env.APP_NAME ("Velora")                                                               Environment Variable      
env.TELEGRAM_BOT_USERNAME ("aivel0ra_bot")                                            Environment Variable      
env.TELEGRAM_RECONCILIATION_ENABLED ("false")                                         Environment Variable      
env.OWNER_TELEGRAM_ID ("1040929628")                                                  Environment Variable      
env.PUBLIC_APP_URL ("https://velora-app.carreljeremih.work...")                       Environment Variable      
env.MAX_INIT_DATA_AGE_SECONDS ("900")                                                 Environment Variable      
env.DAILY_AI_BUDGET_USD ("0.80")                                                      Environment Variable      
env.MONTHLY_AI_BUDGET_USD ("24")                                                      Environment Variable      
env.LIFETIME_AI_BUDGET_USD ("350")                                                    Environment Variable      
env.PAID_AI_ENABLED ("false")                                                         Environment Variable      
env.SPONSORED_FREE_AI_ENABLED ("false")                                               Environment Variable      
env.PAYMENTS_ENABLED ("false")                                                        Environment Variable      

--dry-run: exiting now.
Running pnpm test:e2e

Running 5 tests using 1 worker

  ok 1 [iphone] › tests\e2e\foundation.spec.ts:78:1 › renders the isolated Velora shell without pretending standalone auth (994ms)
  ok 2 [iphone] › tests\e2e\foundation.spec.ts:93:1 › @visual @a11y authenticated MiniApp navigation and persona creation remain usable (5.5m)
  ok 3 [iphone] › tests\e2e\foundation.spec.ts:3246:1 › authenticated shell and heavy workspaces load from separate chunks (3.2s)
  ok 4 [iphone] › tests\e2e\foundation.spec.ts:3356:1 › @a11y discovery language and group-size filters support Unicode, CJK and RTL (18.3s)
  ok 5 [iphone] › tests\e2e\foundation.spec.ts:3548:1 › owner manages moderator appointments without exposing the control to staff (17.1s)

  Slow test file: [iphone] › tests\e2e\foundation.spec.ts (6.2m)
  Consider running tests from slow files in parallel. See: https://playwright.dev/docs/test-parallel
  5 passed (6.3m)

Running 5 tests using 1 worker

  ok 1 [android] › tests\e2e\foundation.spec.ts:78:1 › renders the isolated Velora shell without pretending standalone auth (859ms)
  ok 2 [android] › tests\e2e\foundation.spec.ts:93:1 › @visual @a11y authenticated MiniApp navigation and persona creation remain usable (59.3s)
  ok 3 [android] › tests\e2e\foundation.spec.ts:3246:1 › authenticated shell and heavy workspaces load from separate chunks (1.4s)
  ok 4 [android] › tests\e2e\foundation.spec.ts:3356:1 › @a11y discovery language and group-size filters support Unicode, CJK and RTL (5.9s)
  ok 5 [android] › tests\e2e\foundation.spec.ts:3548:1 › owner manages moderator appointments without exposing the control to staff (6.0s)

  5 passed (1.3m)

Running 5 tests using 1 worker

  ok 1 [desktop] › tests\e2e\foundation.spec.ts:78:1 › renders the isolated Velora shell without pretending standalone auth (835ms)
  ok 2 [desktop] › tests\e2e\foundation.spec.ts:93:1 › @visual @a11y authenticated MiniApp navigation and persona creation remain usable (56.3s)
  ok 3 [desktop] › tests\e2e\foundation.spec.ts:3246:1 › authenticated shell and heavy workspaces load from separate chunks (1.3s)
  ok 4 [desktop] › tests\e2e\foundation.spec.ts:3356:1 › @a11y discovery language and group-size filters support Unicode, CJK and RTL (5.7s)
  ok 5 [desktop] › tests\e2e\foundation.spec.ts:3548:1 › owner manages moderator appointments without exposing the control to staff (4.9s)

  5 passed (1.3m)
Velora quality gate passed.
