Secret scan passed.
Running pnpm format:check
Checking formatting...
All matched files use Prettier code style!
Running pnpm docs:check
Documentation link check passed.
Running pnpm lint
Running pnpm typecheck
Running pnpm test

 RUN  v4.1.10 C:/Users/User/Desktop/бот для ролплея с нейросетями


 Test Files  50 passed (50)
      Tests  203 passed (203)
   Start at  21:26:51
   Duration  11.74s (transform 8.12s, setup 0ms, import 36.83s, tests 14.51s, environment 22.22s)

Running pnpm test:roleplay-quality

 RUN  v4.1.10 C:/Users/User/Desktop/бот для ролплея с нейросетями


 Test Files  1 passed (1)
      Tests  7 passed (7)
   Start at  21:27:04
   Duration  506ms (transform 85ms, setup 0ms, import 200ms, tests 17ms, environment 0ms)

Running pnpm test:contract

 RUN  v4.1.10 C:/Users/User/Desktop/бот для ролплея с нейросетями


 Test Files  1 passed (1)
      Tests  4 passed (4)
   Start at  21:27:06
   Duration  2.70s (transform 870ms, setup 0ms, import 2.41s, tests 58ms, environment 0ms)

Running pnpm test:integration
[36mvite v8.2.1 [32mbuilding client environment for production...[36m[39m
[2Ktransforming...✓ 417 modules transformed.
rendering chunks...
computing gzip size...
dist/index.html                             0.64 kB │ gzip:   0.40 kB
dist/.vite/manifest.json                    1.32 kB │ gzip:   0.34 kB
dist/assets/index-BjxIr2rQ.css             79.67 kB │ gzip:  14.76 kB
dist/assets/LorebooksView-Dbty5W8u.js      14.31 kB │ gzip:   3.56 kB │ map:    39.79 kB
dist/assets/ChatsView-CiRoj2zy.js          40.54 kB │ gzip:   9.72 kB │ map:   127.72 kB
dist/assets/SafeMarkdown-CVEH9wk7.js      158.97 kB │ gzip:  47.66 kB │ map:   951.35 kB
dist/assets/AuthenticatedApp-ReuBWJyh.js  202.78 kB │ gzip:  48.46 kB │ map:   769.61 kB
dist/assets/index-Bl2y6R2D.js             333.66 kB │ gzip: 104.48 kB │ map: 1,147.71 kB

[32m✓ built in 446ms[39m
Web bundle budget passed: initial=333665 B; assets/index-Bl2y6R2D.js=333665 B, assets/AuthenticatedApp-ReuBWJyh.js=202788 B, assets/ChatsView-CiRoj2zy.js=40549 B, assets/LorebooksView-Dbty5W8u.js=14312 B, assets/SafeMarkdown-CVEH9wk7.js=158975 B.
Local D1 migration, idempotent quality seed and integrity checks passed.
Local load smoke passed: users=40@p50=711.7ms/p95=1311.5ms/max=1314.9ms, D1=40@p50=667.4ms/p95=669.1ms/max=669.2ms, search=40@p50=1953.0ms/p95=1953.6ms/max=1953.8ms, AI=4@p50=1042.2ms/p95=1048.9ms/max=1048.9ms.
Local Worker auth/settings/persona/character/discovery/media/conversation/moderation integration passed.

 RUN  v4.1.10 C:/Users/User/Desktop/бот для ролплея с нейросетями


 Test Files  11 passed (11)
      Tests  76 passed (76)
   Start at  21:29:08
   Duration  803ms (transform 520ms, setup 0ms, import 1.29s, tests 873ms, environment 2ms)

Running pnpm build
[36mvite v8.2.1 [32mbuilding client environment for production...[36m[39m
[2Ktransforming...✓ 417 modules transformed.
rendering chunks...
computing gzip size...
dist/index.html                             0.64 kB │ gzip:   0.40 kB
dist/.vite/manifest.json                    1.32 kB │ gzip:   0.34 kB
dist/assets/index-BjxIr2rQ.css             79.67 kB │ gzip:  14.76 kB
dist/assets/LorebooksView-Dbty5W8u.js      14.31 kB │ gzip:   3.56 kB │ map:    39.79 kB
dist/assets/ChatsView-CiRoj2zy.js          40.54 kB │ gzip:   9.72 kB │ map:   127.72 kB
dist/assets/SafeMarkdown-CVEH9wk7.js      158.97 kB │ gzip:  47.66 kB │ map:   951.35 kB
dist/assets/AuthenticatedApp-ReuBWJyh.js  202.78 kB │ gzip:  48.46 kB │ map:   769.61 kB
dist/assets/index-Bl2y6R2D.js             333.66 kB │ gzip: 104.48 kB │ map: 1,147.71 kB

[32m✓ built in 447ms[39m
Web bundle budget passed: initial=333665 B; assets/index-Bl2y6R2D.js=333665 B, assets/AuthenticatedApp-ReuBWJyh.js=202788 B, assets/ChatsView-CiRoj2zy.js=40549 B, assets/LorebooksView-Dbty5W8u.js=14312 B, assets/SafeMarkdown-CVEH9wk7.js=158975 B.

 ⛅️ wrangler 4.120.0 (update available 4.123.0)
───────────────────────────────────────────────
✨ Read 16 files from the assets directory C:\Users\User\Desktop\бот для ролплея с нейросетями\apps\web\dist
Total Upload: 1201.10 KiB / gzip: 210.62 KiB
Your Worker has access to the following bindings:
Binding                                                                               Resource                  
env.DB (velora-production)                                                            D1 Database               
env.ASSETS                                                                            Assets                    
env.ENVIRONMENT ("production")                                                        Environment Variable      
env.APP_NAME ("Velora")                                                               Environment Variable      
env.TELEGRAM_BOT_USERNAME ("aivel0ra_bot")                                            Environment Variable      
env.TELEGRAM_RECONCILIATION_ENABLED ("false")                                         Environment Variable      
env.OWNER_TELEGRAM_ID ("1040929628")                                                  Environment Variable      
env.PUBLIC_APP_URL ("https://velora-app.carreljeremih.work...")                       Environment Variable      
env.MAX_INIT_DATA_AGE_SECONDS ("900")                                                 Environment Variable      
env.DAILY_AI_BUDGET_USD ("0.80")                                                      Environment Variable      
env.MONTHLY_AI_BUDGET_USD ("24")                                                      Environment Variable      
env.LIFETIME_AI_BUDGET_USD ("350")                                                    Environment Variable      
env.PAID_AI_ENABLED ("false")                                                         Environment Variable      
env.SPONSORED_FREE_AI_ENABLED ("false")                                               Environment Variable      
env.PAYMENTS_ENABLED ("false")                                                        Environment Variable      

--dry-run: exiting now.
Running pnpm test:e2e

Running 15 tests using 6 workers

  ok  3 [android] › tests\e2e\foundation.spec.ts:3246:1 › authenticated shell and heavy workspaces load from separate chunks (2.7s)
  ok  4 [iphone] › tests\e2e\foundation.spec.ts:78:1 › renders the isolated Velora shell without pretending standalone auth (3.6s)
  ok  5 [android] › tests\e2e\foundation.spec.ts:3548:1 › owner manages moderator appointments without exposing the control to staff (8.8s)
  ok  7 [iphone] › tests\e2e\foundation.spec.ts:3246:1 › authenticated shell and heavy workspaces load from separate chunks (5.8s)
  ok  6 [android] › tests\e2e\foundation.spec.ts:3356:1 › @a11y discovery language and group-size filters support Unicode, CJK and RTL (9.5s)
  ok 11 [desktop] › tests\e2e\foundation.spec.ts:78:1 › renders the isolated Velora shell without pretending standalone auth (1.2s)
  ok  1 [android] › tests\e2e\foundation.spec.ts:78:1 › renders the isolated Velora shell without pretending standalone auth (31.9s)
  ok 13 [desktop] › tests\e2e\foundation.spec.ts:3246:1 › authenticated shell and heavy workspaces load from separate chunks (3.6s)
  ok  9 [iphone] › tests\e2e\foundation.spec.ts:3548:1 › owner manages moderator appointments without exposing the control to staff (32.6s)
  ok 10 [iphone] › tests\e2e\foundation.spec.ts:3356:1 › @a11y discovery language and group-size filters support Unicode, CJK and RTL (36.4s)
  ok 14 [desktop] › tests\e2e\foundation.spec.ts:3356:1 › @a11y discovery language and group-size filters support Unicode, CJK and RTL (10.9s)
  ok 15 [desktop] › tests\e2e\foundation.spec.ts:3548:1 › owner manages moderator appointments without exposing the control to staff (8.1s)
  ok  2 [android] › tests\e2e\foundation.spec.ts:93:1 › @visual @a11y authenticated MiniApp navigation and persona creation remain usable (1.2m)
  ok 12 [desktop] › tests\e2e\foundation.spec.ts:93:1 › @visual @a11y authenticated MiniApp navigation and persona creation remain usable (1.1m)
  ok  8 [iphone] › tests\e2e\foundation.spec.ts:93:1 › @visual @a11y authenticated MiniApp navigation and persona creation remain usable (3.4m)

  15 passed (3.6m)
Running pnpm test:visual

Running 3 tests using 1 worker

  ok 1 [android] › tests\e2e\foundation.spec.ts:93:1 › @visual @a11y authenticated MiniApp navigation and persona creation remain usable (39.1s)
