Secret scan passed.
Running pnpm format:check
Checking formatting...
All matched files use Prettier code style!
Running pnpm docs:check
Documentation link check passed.
Running pnpm lint
Running pnpm typecheck
Running pnpm test

 RUN  v4.1.10 C:/Users/User/Desktop/бот для ролплея с нейросетями


 Test Files  50 passed (50)
      Tests  203 passed (203)
   Start at  22:02:09
   Duration  12.11s (transform 7.66s, setup 0ms, import 38.18s, tests 14.48s, environment 24.42s)

Running pnpm test:roleplay-quality

 RUN  v4.1.10 C:/Users/User/Desktop/бот для ролплея с нейросетями


 Test Files  1 passed (1)
      Tests  7 passed (7)
   Start at  22:02:22
   Duration  670ms (transform 234ms, setup 0ms, import 355ms, tests 16ms, environment 0ms)

Running pnpm test:contract

 RUN  v4.1.10 C:/Users/User/Desktop/бот для ролплея с нейросетями


 Test Files  1 passed (1)
      Tests  4 passed (4)
   Start at  22:02:25
   Duration  3.94s (transform 2.11s, setup 0ms, import 3.62s, tests 67ms, environment 0ms)

Running pnpm test:integration
[36mvite v8.2.1 [32mbuilding client environment for production...[36m[39m
[2Ktransforming...✓ 417 modules transformed.
rendering chunks...
computing gzip size...
dist/index.html                             0.64 kB │ gzip:   0.40 kB
dist/.vite/manifest.json                    1.32 kB │ gzip:   0.34 kB
dist/assets/index-BjxIr2rQ.css             79.67 kB │ gzip:  14.76 kB
dist/assets/LorebooksView-Dbty5W8u.js      14.31 kB │ gzip:   3.56 kB │ map:    39.79 kB
dist/assets/ChatsView-CiRoj2zy.js          40.54 kB │ gzip:   9.72 kB │ map:   127.72 kB
dist/assets/SafeMarkdown-CVEH9wk7.js      158.97 kB │ gzip:  47.66 kB │ map:   951.35 kB
dist/assets/AuthenticatedApp-ReuBWJyh.js  202.78 kB │ gzip:  48.46 kB │ map:   769.61 kB
dist/assets/index-Bl2y6R2D.js             333.66 kB │ gzip: 104.48 kB │ map: 1,147.71 kB

[32m✓ built in 493ms[39m
Web bundle budget passed: initial=333665 B; assets/index-Bl2y6R2D.js=333665 B, assets/AuthenticatedApp-ReuBWJyh.js=202788 B, assets/ChatsView-CiRoj2zy.js=40549 B, assets/LorebooksView-Dbty5W8u.js=14312 B, assets/SafeMarkdown-CVEH9wk7.js=158975 B.
Local D1 migration, idempotent quality seed and integrity checks passed.
Local load smoke passed: users=40@p50=514.0ms/p95=945.6ms/max=948.8ms, D1=40@p50=496.0ms/p95=497.2ms/max=497.3ms, search=40@p50=1571.1ms/p95=1571.9ms/max=1572.0ms, AI=4@p50=777.4ms/p95=781.2ms/max=781.2ms.
Local Worker auth/settings/persona/character/discovery/media/conversation/moderation integration passed.

 RUN  v4.1.10 C:/Users/User/Desktop/бот для ролплея с нейросетями


 Test Files  11 passed (11)
      Tests  76 passed (76)
   Start at  22:04:25
   Duration  1.00s (transform 684ms, setup 0ms, import 1.59s, tests 1.21s, environment 3ms)

Running pnpm build
[36mvite v8.2.1 [32mbuilding client environment for production...[36m[39m
[2Ktransforming...✓ 417 modules transformed.
rendering chunks...
computing gzip size...
dist/index.html                             0.64 kB │ gzip:   0.40 kB
dist/.vite/manifest.json                    1.32 kB │ gzip:   0.34 kB
dist/assets/index-BjxIr2rQ.css             79.67 kB │ gzip:  14.76 kB
dist/assets/LorebooksView-Dbty5W8u.js      14.31 kB │ gzip:   3.56 kB │ map:    39.79 kB
dist/assets/ChatsView-CiRoj2zy.js          40.54 kB │ gzip:   9.72 kB │ map:   127.72 kB
dist/assets/SafeMarkdown-CVEH9wk7.js      158.97 kB │ gzip:  47.66 kB │ map:   951.35 kB
dist/assets/AuthenticatedApp-ReuBWJyh.js  202.78 kB │ gzip:  48.46 kB │ map:   769.61 kB
dist/assets/index-Bl2y6R2D.js             333.66 kB │ gzip: 104.48 kB │ map: 1,147.71 kB

[32m✓ built in 438ms[39m
Web bundle budget passed: initial=333665 B; assets/index-Bl2y6R2D.js=333665 B, assets/AuthenticatedApp-ReuBWJyh.js=202788 B, assets/ChatsView-CiRoj2zy.js=40549 B, assets/LorebooksView-Dbty5W8u.js=14312 B, assets/SafeMarkdown-CVEH9wk7.js=158975 B.

 ⛅️ wrangler 4.120.0 (update available 4.123.0)
───────────────────────────────────────────────
✨ Read 16 files from the assets directory C:\Users\User\Desktop\бот для ролплея с нейросетями\apps\web\dist
Total Upload: 1201.10 KiB / gzip: 210.62 KiB
Your Worker has access to the following bindings:
Binding                                                                               Resource                  
env.DB (velora-production)                                                            D1 Database               
env.ASSETS                                                                            Assets                    
env.ENVIRONMENT ("production")                                                        Environment Variable      
env.APP_NAME ("Velora")                                                               Environment Variable      
env.TELEGRAM_BOT_USERNAME ("aivel0ra_bot")                                            Environment Variable      
env.TELEGRAM_RECONCILIATION_ENABLED ("false")                                         Environment Variable      
env.OWNER_TELEGRAM_ID ("1040929628")                                                  Environment Variable      
env.PUBLIC_APP_URL ("https://velora-app.carreljeremih.work...")                       Environment Variable      
env.MAX_INIT_DATA_AGE_SECONDS ("900")                                                 Environment Variable      
env.DAILY_AI_BUDGET_USD ("0.80")                                                      Environment Variable      
env.MONTHLY_AI_BUDGET_USD ("24")                                                      Environment Variable      
env.LIFETIME_AI_BUDGET_USD ("350")                                                    Environment Variable      
env.PAID_AI_ENABLED ("false")                                                         Environment Variable      
env.SPONSORED_FREE_AI_ENABLED ("false")                                               Environment Variable      
env.PAYMENTS_ENABLED ("false")                                                        Environment Variable      

--dry-run: exiting now.
Running pnpm test:e2e

Running 15 tests using 6 workers

  ok  2 [android] › tests\e2e\foundation.spec.ts:78:1 › renders the isolated Velora shell without pretending standalone auth (2.2s)
  ok  1 [android] › tests\e2e\foundation.spec.ts:3246:1 › authenticated shell and heavy workspaces load from separate chunks (2.8s)
  ok  6 [iphone] › tests\e2e\foundation.spec.ts:78:1 › renders the isolated Velora shell without pretending standalone auth (3.6s)
  ok  3 [android] › tests\e2e\foundation.spec.ts:3548:1 › owner manages moderator appointments without exposing the control to staff (9.3s)
  ok  5 [android] › tests\e2e\foundation.spec.ts:3356:1 › @a11y discovery language and group-size filters support Unicode, CJK and RTL (10.4s)
  ok  9 [iphone] › tests\e2e\foundation.spec.ts:3246:1 › authenticated shell and heavy workspaces load from separate chunks (6.4s)
  ok 11 [desktop] › tests\e2e\foundation.spec.ts:78:1 › renders the isolated Velora shell without pretending standalone auth (1.4s)
  ok 13 [desktop] › tests\e2e\foundation.spec.ts:3246:1 › authenticated shell and heavy workspaces load from separate chunks (1.8s)
  ok 14 [desktop] › tests\e2e\foundation.spec.ts:3356:1 › @a11y discovery language and group-size filters support Unicode, CJK and RTL (10.5s)
  ok 15 [desktop] › tests\e2e\foundation.spec.ts:3548:1 › owner manages moderator appointments without exposing the control to staff (7.7s)
  ok  7 [iphone] › tests\e2e\foundation.spec.ts:3356:1 › @a11y discovery language and group-size filters support Unicode, CJK and RTL (38.9s)
  ok 10 [iphone] › tests\e2e\foundation.spec.ts:3548:1 › owner manages moderator appointments without exposing the control to staff (33.1s)
  ok  4 [android] › tests\e2e\foundation.spec.ts:93:1 › @visual @a11y authenticated MiniApp navigation and persona creation remain usable (1.3m)
  ok 12 [desktop] › tests\e2e\foundation.spec.ts:93:1 › @visual @a11y authenticated MiniApp navigation and persona creation remain usable (1.1m)
  x   8 [iphone] › tests\e2e\foundation.spec.ts:93:1 › @visual @a11y authenticated MiniApp navigation and persona creation remain usable (10.0m)


  1) [iphone] › tests\e2e\foundation.spec.ts:93:1 › @visual @a11y authenticated MiniApp navigation and persona creation remain usable 

    Test timeout of 600000ms exceeded.

    Error: locator.selectOption: Test timeout of 600000ms exceeded.
    Call log:
      - waiting for getByRole('article').filter({ has: getByRole('heading', { name: 'Лира' }) }).getByLabel('Причина жалобы')


      2340 |   ).toHaveText('Очень атмосферный персонаж.');
      2341 |   await liraCharacter.getByRole('button', { name: /Пожаловаться/u }).click();
    > 2342 |   await liraCharacter.getByLabel('Причина жалобы').selectOption('SPAM');
           |                                                    ^
      2343 |   await liraCharacter.getByLabel('Описание жалобы').fill('Повторяющийся рекламный контент.');
      2344 |   await liraCharacter.getByRole('button', { name: 'Отправить жалобу' }).click();
      2345 |   await expect(page.getByText('Жалоба отправлена в очередь модерации.')).toBeVisible();
        at C:\Users\User\Desktop\бот для ролплея с нейросетями\tests\e2e\foundation.spec.ts:2342:52

    Error Context: test-results\foundation--visual-a11y-au-480c1-sona-creation-remain-usable-iphone\error-context.md

    attachment #2: trace (application/zip) ─────────────────────────────────────────────────────────
    test-results\foundation--visual-a11y-au-480c1-sona-creation-remain-usable-iphone\trace.zip
    Usage:

        pnpm exec playwright show-trace test-results\foundation--visual-a11y-au-480c1-sona-creation-remain-usable-iphone\trace.zip

    ────────────────────────────────────────────────────────────────────────────────────────────────

  1 failed
    [iphone] › tests\e2e\foundation.spec.ts:93:1 › @visual @a11y authenticated MiniApp navigation and persona creation remain usable 
  14 passed (10.4m)
[ELIFECYCLE] Command failed with exit code 1.
[ELIFECYCLE] Command failed with exit code 1.
